// Jest Snapshot v1, https://goo.gl/fbAQLP

exports[`Class builder works well when matches giving code style 1`] = `
"class AccountRepository extends RepositoryBase {
    account() {
        return this.get('/api/account');
    }

    signin(payload: Identifier) {
        return this.post('/api/account/signin', this.pick(payload, ['request']));
    }

    agreement(payload: Identifier) {
        return this.get(\`\${ '/api/agreement' }\${ this.toQuery(this.pick(payload, [
            'Initiator',
            'DeadlineFrom',
            'DeadlineTo',
            'Title',
            'CreatedFrom',
            'CreatedTo',
            'Status',
            'AssignedTo'
        ])) }\`);
    }

    details(payload: Identifier) {
        return this.get(this.fillPath('/api/agreement/{id}/details', payload));
    }

    delegate(payload: Identifier) {
        return this.post(this.fillPath('/api/outsourcing/{id}/delegate', payload), this.pick(payload, ['request']));
    }
}
"
`;
